{"type":"server-started","port":62560,"host":"127.0.0.1","url_host":"localhost","url":"http://localhost:62560","screen_dir":"/Users/ronny.kwok/Documents/workSpace/roadbook/roadbook/.superpowers/brainstorm/44924-1775799394/content","state_dir":"/Users/ronny.kwok/Documents/workSpace/roadbook/roadbook/.superpowers/brainstorm/44924-1775799394/state"}
{"type":"screen-added","file":"/Users/ronny.kwok/Documents/workSpace/roadbook/roadbook/.superpowers/brainstorm/44924-1775799394/content/design-system.html"}
{"type":"screen-added","file":"/Users/ronny.kwok/Documents/workSpace/roadbook/roadbook/.superpowers/brainstorm/44924-1775799394/content/dock-ios26.html"}
{"type":"screen-added","file":"/Users/ronny.kwok/Documents/workSpace/roadbook/roadbook/.superpowers/brainstorm/44924-1775799394/content/dock-final.html"}
{"type":"screen-added","file":"/Users/ronny.kwok/Documents/workSpace/roadbook/roadbook/.superpowers/brainstorm/44924-1775799394/content/dock-bouncy.html"}
{"type":"screen-updated","file":"/Users/ronny.kwok/Documents/workSpace/roadbook/roadbook/.superpowers/brainstorm/44924-1775799394/content/dock-bouncy.html"}
{"type":"screen-updated","file":"/Users/ronny.kwok/Documents/workSpace/roadbook/roadbook/.superpowers/brainstorm/44924-1775799394/content/dock-bouncy.html"}
{"type":"screen-updated","file":"/Users/ronny.kwok/Documents/workSpace/roadbook/roadbook/.superpowers/brainstorm/44924-1775799394/content/dock-bouncy.html"}
{"type":"screen-updated","file":"/Users/ronny.kwok/Documents/workSpace/roadbook/roadbook/.superpowers/brainstorm/44924-1775799394/content/dock-bouncy.html"}
{"type":"screen-updated","file":"/Users/ronny.kwok/Documents/workSpace/roadbook/roadbook/.superpowers/brainstorm/44924-1775799394/content/dock-bouncy.html"}
{"type":"screen-updated","file":"/Users/ronny.kwok/Documents/workSpace/roadbook/roadbook/.superpowers/brainstorm/44924-1775799394/content/dock-bouncy.html"}
{"type":"screen-updated","file":"/Users/ronny.kwok/Documents/workSpace/roadbook/roadbook/.superpowers/brainstorm/44924-1775799394/content/dock-bouncy.html"}
{"type":"screen-updated","file":"/Users/ronny.kwok/Documents/workSpace/roadbook/roadbook/.superpowers/brainstorm/44924-1775799394/content/dock-bouncy.html"}
{"type":"screen-updated","file":"/Users/ronny.kwok/Documents/workSpace/roadbook/roadbook/.superpowers/brainstorm/44924-1775799394/content/dock-bouncy.html"}
{"type":"screen-updated","file":"/Users/ronny.kwok/Documents/workSpace/roadbook/roadbook/.superpowers/brainstorm/44924-1775799394/content/dock-bouncy.html"}
{"type":"screen-updated","file":"/Users/ronny.kwok/Documents/workSpace/roadbook/roadbook/.superpowers/brainstorm/44924-1775799394/content/dock-bouncy.html"}
{"type":"screen-added","file":"/Users/ronny.kwok/Documents/workSpace/roadbook/roadbook/.superpowers/brainstorm/44924-1775799394/content/all-screens.html"}
{"type":"screen-updated","file":"/Users/ronny.kwok/Documents/workSpace/roadbook/roadbook/.superpowers/brainstorm/44924-1775799394/content/all-screens.html"}
{"type":"screen-updated","file":"/Users/ronny.kwok/Documents/workSpace/roadbook/roadbook/.superpowers/brainstorm/44924-1775799394/content/all-screens.html"}
{"type":"screen-updated","file":"/Users/ronny.kwok/Documents/workSpace/roadbook/roadbook/.superpowers/brainstorm/44924-1775799394/content/all-screens.html"}
{"type":"screen-updated","file":"/Users/ronny.kwok/Documents/workSpace/roadbook/roadbook/.superpowers/brainstorm/44924-1775799394/content/all-screens.html"}
{"type":"screen-updated","file":"/Users/ronny.kwok/Documents/workSpace/roadbook/roadbook/.superpowers/brainstorm/44924-1775799394/content/all-screens.html"}
{"type":"screen-updated","file":"/Users/ronny.kwok/Documents/workSpace/roadbook/roadbook/.superpowers/brainstorm/44924-1775799394/content/all-screens.html"}
{"type":"screen-updated","file":"/Users/ronny.kwok/Documents/workSpace/roadbook/roadbook/.superpowers/brainstorm/44924-1775799394/content/all-screens.html"}
{"type":"screen-updated","file":"/Users/ronny.kwok/Documents/workSpace/roadbook/roadbook/.superpowers/brainstorm/44924-1775799394/content/all-screens.html"}
{"type":"screen-updated","file":"/Users/ronny.kwok/Documents/workSpace/roadbook/roadbook/.superpowers/brainstorm/44924-1775799394/content/all-screens.html"}
{"type":"screen-updated","file":"/Users/ronny.kwok/Documents/workSpace/roadbook/roadbook/.superpowers/brainstorm/44924-1775799394/content/all-screens.html"}
{"type":"screen-updated","file":"/Users/ronny.kwok/Documents/workSpace/roadbook/roadbook/.superpowers/brainstorm/44924-1775799394/content/all-screens.html"}
{"type":"screen-updated","file":"/Users/ronny.kwok/Documents/workSpace/roadbook/roadbook/.superpowers/brainstorm/44924-1775799394/content/all-screens.html"}
{"type":"screen-updated","file":"/Users/ronny.kwok/Documents/workSpace/roadbook/roadbook/.superpowers/brainstorm/44924-1775799394/content/all-screens.html"}
{"type":"screen-updated","file":"/Users/ronny.kwok/Documents/workSpace/roadbook/roadbook/.superpowers/brainstorm/44924-1775799394/content/all-screens.html"}
{"type":"screen-updated","file":"/Users/ronny.kwok/Documents/workSpace/roadbook/roadbook/.superpowers/brainstorm/44924-1775799394/content/all-screens.html"}
{"type":"screen-updated","file":"/Users/ronny.kwok/Documents/workSpace/roadbook/roadbook/.superpowers/brainstorm/44924-1775799394/content/all-screens.html"}
{"type":"screen-updated","file":"/Users/ronny.kwok/Documents/workSpace/roadbook/roadbook/.superpowers/brainstorm/44924-1775799394/content/all-screens.html"}
{"type":"screen-updated","file":"/Users/ronny.kwok/Documents/workSpace/roadbook/roadbook/.superpowers/brainstorm/44924-1775799394/content/all-screens.html"}
{"type":"screen-added","file":"/Users/ronny.kwok/Documents/workSpace/roadbook/roadbook/.superpowers/brainstorm/44924-1775799394/content/index.html"}
{"type":"screen-added","file":"/Users/ronny.kwok/Documents/workSpace/roadbook/roadbook/.superpowers/brainstorm/44924-1775799394/content/hub.html"}
{"type":"screen-added","file":"/Users/ronny.kwok/Documents/workSpace/roadbook/roadbook/.superpowers/brainstorm/44924-1775799394/content/complete.html"}
{"type":"screen-updated","file":"/Users/ronny.kwok/Documents/workSpace/roadbook/roadbook/.superpowers/brainstorm/44924-1775799394/content/complete.html"}
{"type":"screen-updated","file":"/Users/ronny.kwok/Documents/workSpace/roadbook/roadbook/.superpowers/brainstorm/44924-1775799394/content/complete.html"}
{"type":"screen-updated","file":"/Users/ronny.kwok/Documents/workSpace/roadbook/roadbook/.superpowers/brainstorm/44924-1775799394/content/complete.html"}
{"type":"screen-updated","file":"/Users/ronny.kwok/Documents/workSpace/roadbook/roadbook/.superpowers/brainstorm/44924-1775799394/content/complete.html"}
{"type":"screen-updated","file":"/Users/ronny.kwok/Documents/workSpace/roadbook/roadbook/.superpowers/brainstorm/44924-1775799394/content/complete.html"}
{"type":"screen-updated","file":"/Users/ronny.kwok/Documents/workSpace/roadbook/roadbook/.superpowers/brainstorm/44924-1775799394/content/complete.html"}
{"type":"screen-updated","file":"/Users/ronny.kwok/Documents/workSpace/roadbook/roadbook/.superpowers/brainstorm/44924-1775799394/content/complete.html"}
{"type":"screen-updated","file":"/Users/ronny.kwok/Documents/workSpace/roadbook/roadbook/.superpowers/brainstorm/44924-1775799394/content/complete.html"}
{"type":"screen-updated","file":"/Users/ronny.kwok/Documents/workSpace/roadbook/roadbook/.superpowers/brainstorm/44924-1775799394/content/complete.html"}
{"type":"screen-updated","file":"/Users/ronny.kwok/Documents/workSpace/roadbook/roadbook/.superpowers/brainstorm/44924-1775799394/content/complete.html"}
{"type":"screen-updated","file":"/Users/ronny.kwok/Documents/workSpace/roadbook/roadbook/.superpowers/brainstorm/44924-1775799394/content/complete.html"}
{"type":"screen-updated","file":"/Users/ronny.kwok/Documents/workSpace/roadbook/roadbook/.superpowers/brainstorm/44924-1775799394/content/complete.html"}
{"type":"screen-updated","file":"/Users/ronny.kwok/Documents/workSpace/roadbook/roadbook/.superpowers/brainstorm/44924-1775799394/content/complete.html"}
{"type":"screen-updated","file":"/Users/ronny.kwok/Documents/workSpace/roadbook/roadbook/.superpowers/brainstorm/44924-1775799394/content/complete.html"}
{"type":"screen-updated","file":"/Users/ronny.kwok/Documents/workSpace/roadbook/roadbook/.superpowers/brainstorm/44924-1775799394/content/complete.html"}
{"type":"screen-updated","file":"/Users/ronny.kwok/Documents/workSpace/roadbook/roadbook/.superpowers/brainstorm/44924-1775799394/content/complete.html"}
{"type":"screen-updated","file":"/Users/ronny.kwok/Documents/workSpace/roadbook/roadbook/.superpowers/brainstorm/44924-1775799394/content/complete.html"}
{"type":"screen-updated","file":"/Users/ronny.kwok/Documents/workSpace/roadbook/roadbook/.superpowers/brainstorm/44924-1775799394/content/complete.html"}
{"type":"screen-updated","file":"/Users/ronny.kwok/Documents/workSpace/roadbook/roadbook/.superpowers/brainstorm/44924-1775799394/content/complete.html"}
{"type":"screen-updated","file":"/Users/ronny.kwok/Documents/workSpace/roadbook/roadbook/.superpowers/brainstorm/44924-1775799394/content/complete.html"}
{"type":"screen-updated","file":"/Users/ronny.kwok/Documents/workSpace/roadbook/roadbook/.superpowers/brainstorm/44924-1775799394/content/complete.html"}
{"type":"screen-updated","file":"/Users/ronny.kwok/Documents/workSpace/roadbook/roadbook/.superpowers/brainstorm/44924-1775799394/content/complete.html"}
{"type":"screen-updated","file":"/Users/ronny.kwok/Documents/workSpace/roadbook/roadbook/.superpowers/brainstorm/44924-1775799394/content/complete.html"}
{"type":"screen-updated","file":"/Users/ronny.kwok/Documents/workSpace/roadbook/roadbook/.superpowers/brainstorm/44924-1775799394/content/complete.html"}
{"type":"screen-updated","file":"/Users/ronny.kwok/Documents/workSpace/roadbook/roadbook/.superpowers/brainstorm/44924-1775799394/content/complete.html"}
{"type":"screen-updated","file":"/Users/ronny.kwok/Documents/workSpace/roadbook/roadbook/.superpowers/brainstorm/44924-1775799394/content/complete.html"}
{"type":"screen-updated","file":"/Users/ronny.kwok/Documents/workSpace/roadbook/roadbook/.superpowers/brainstorm/44924-1775799394/content/complete.html"}
{"type":"screen-updated","file":"/Users/ronny.kwok/Documents/workSpace/roadbook/roadbook/.superpowers/brainstorm/44924-1775799394/content/complete.html"}
{"type":"screen-updated","file":"/Users/ronny.kwok/Documents/workSpace/roadbook/roadbook/.superpowers/brainstorm/44924-1775799394/content/complete.html"}
{"type":"screen-updated","file":"/Users/ronny.kwok/Documents/workSpace/roadbook/roadbook/.superpowers/brainstorm/44924-1775799394/content/complete.html"}
{"type":"screen-updated","file":"/Users/ronny.kwok/Documents/workSpace/roadbook/roadbook/.superpowers/brainstorm/44924-1775799394/content/complete.html"}
{"type":"screen-updated","file":"/Users/ronny.kwok/Documents/workSpace/roadbook/roadbook/.superpowers/brainstorm/44924-1775799394/content/complete.html"}
{"type":"screen-updated","file":"/Users/ronny.kwok/Documents/workSpace/roadbook/roadbook/.superpowers/brainstorm/44924-1775799394/content/complete.html"}
{"type":"screen-updated","file":"/Users/ronny.kwok/Documents/workSpace/roadbook/roadbook/.superpowers/brainstorm/44924-1775799394/content/complete.html"}
{"type":"screen-updated","file":"/Users/ronny.kwok/Documents/workSpace/roadbook/roadbook/.superpowers/brainstorm/44924-1775799394/content/complete.html"}
{"type":"screen-updated","file":"/Users/ronny.kwok/Documents/workSpace/roadbook/roadbook/.superpowers/brainstorm/44924-1775799394/content/complete.html"}
{"type":"screen-updated","file":"/Users/ronny.kwok/Documents/workSpace/roadbook/roadbook/.superpowers/brainstorm/44924-1775799394/content/complete.html"}
{"type":"screen-updated","file":"/Users/ronny.kwok/Documents/workSpace/roadbook/roadbook/.superpowers/brainstorm/44924-1775799394/content/complete.html"}
{"type":"screen-updated","file":"/Users/ronny.kwok/Documents/workSpace/roadbook/roadbook/.superpowers/brainstorm/44924-1775799394/content/complete.html"}
{"type":"screen-updated","file":"/Users/ronny.kwok/Documents/workSpace/roadbook/roadbook/.superpowers/brainstorm/44924-1775799394/content/complete.html"}
{"type":"screen-updated","file":"/Users/ronny.kwok/Documents/workSpace/roadbook/roadbook/.superpowers/brainstorm/44924-1775799394/content/complete.html"}
{"type":"screen-updated","file":"/Users/ronny.kwok/Documents/workSpace/roadbook/roadbook/.superpowers/brainstorm/44924-1775799394/content/complete.html"}
{"type":"screen-updated","file":"/Users/ronny.kwok/Documents/workSpace/roadbook/roadbook/.superpowers/brainstorm/44924-1775799394/content/complete.html"}
{"type":"screen-updated","file":"/Users/ronny.kwok/Documents/workSpace/roadbook/roadbook/.superpowers/brainstorm/44924-1775799394/content/complete.html"}
{"type":"screen-updated","file":"/Users/ronny.kwok/Documents/workSpace/roadbook/roadbook/.superpowers/brainstorm/44924-1775799394/content/complete.html"}
{"type":"screen-updated","file":"/Users/ronny.kwok/Documents/workSpace/roadbook/roadbook/.superpowers/brainstorm/44924-1775799394/content/complete.html"}
{"type":"screen-updated","file":"/Users/ronny.kwok/Documents/workSpace/roadbook/roadbook/.superpowers/brainstorm/44924-1775799394/content/complete.html"}
{"type":"screen-updated","file":"/Users/ronny.kwok/Documents/workSpace/roadbook/roadbook/.superpowers/brainstorm/44924-1775799394/content/index.html"}
{"type":"screen-updated","file":"/Users/ronny.kwok/Documents/workSpace/roadbook/roadbook/.superpowers/brainstorm/44924-1775799394/content/all-screens.html"}
{"type":"screen-updated","file":"/Users/ronny.kwok/Documents/workSpace/roadbook/roadbook/.superpowers/brainstorm/44924-1775799394/content/all-screens.html"}
{"type":"screen-updated","file":"/Users/ronny.kwok/Documents/workSpace/roadbook/roadbook/.superpowers/brainstorm/44924-1775799394/content/all-screens.html"}
{"type":"screen-updated","file":"/Users/ronny.kwok/Documents/workSpace/roadbook/roadbook/.superpowers/brainstorm/44924-1775799394/content/all-screens.html"}
{"type":"screen-updated","file":"/Users/ronny.kwok/Documents/workSpace/roadbook/roadbook/.superpowers/brainstorm/44924-1775799394/content/all-screens.html"}
{"type":"screen-updated","file":"/Users/ronny.kwok/Documents/workSpace/roadbook/roadbook/.superpowers/brainstorm/44924-1775799394/content/all-screens.html"}
{"type":"screen-updated","file":"/Users/ronny.kwok/Documents/workSpace/roadbook/roadbook/.superpowers/brainstorm/44924-1775799394/content/design-system.html"}
{"type":"screen-updated","file":"/Users/ronny.kwok/Documents/workSpace/roadbook/roadbook/.superpowers/brainstorm/44924-1775799394/content/all-screens.html"}
{"type":"screen-updated","file":"/Users/ronny.kwok/Documents/workSpace/roadbook/roadbook/.superpowers/brainstorm/44924-1775799394/content/all-screens.html"}
{"type":"screen-updated","file":"/Users/ronny.kwok/Documents/workSpace/roadbook/roadbook/.superpowers/brainstorm/44924-1775799394/content/all-screens.html"}
{"type":"screen-updated","file":"/Users/ronny.kwok/Documents/workSpace/roadbook/roadbook/.superpowers/brainstorm/44924-1775799394/content/all-screens.html"}
{"type":"screen-updated","file":"/Users/ronny.kwok/Documents/workSpace/roadbook/roadbook/.superpowers/brainstorm/44924-1775799394/content/all-screens.html"}
{"type":"screen-added","file":"/Users/ronny.kwok/Documents/workSpace/roadbook/roadbook/.superpowers/brainstorm/44924-1775799394/content/icons.html"}
{"type":"screen-updated","file":"/Users/ronny.kwok/Documents/workSpace/roadbook/roadbook/.superpowers/brainstorm/44924-1775799394/content/index.html"}
{"type":"screen-updated","file":"/Users/ronny.kwok/Documents/workSpace/roadbook/roadbook/.superpowers/brainstorm/44924-1775799394/content/all-screens.html"}
{"type":"screen-updated","file":"/Users/ronny.kwok/Documents/workSpace/roadbook/roadbook/.superpowers/brainstorm/44924-1775799394/content/all-screens.html"}
{"type":"screen-updated","file":"/Users/ronny.kwok/Documents/workSpace/roadbook/roadbook/.superpowers/brainstorm/44924-1775799394/content/icons.html"}
{"type":"screen-updated","file":"/Users/ronny.kwok/Documents/workSpace/roadbook/roadbook/.superpowers/brainstorm/44924-1775799394/content/all-screens.html"}
{"type":"screen-updated","file":"/Users/ronny.kwok/Documents/workSpace/roadbook/roadbook/.superpowers/brainstorm/44924-1775799394/content/all-screens.html"}
{"type":"screen-updated","file":"/Users/ronny.kwok/Documents/workSpace/roadbook/roadbook/.superpowers/brainstorm/44924-1775799394/content/all-screens.html"}
{"type":"server-stopped","reason":"idle timeout"}
