{"type":"server-started","port":50059,"host":"127.0.0.1","url_host":"localhost","url":"http://localhost:50059","screen_dir":"/Users/ronny.kwok/Documents/workSpace/roadbook/roadbook/.superpowers/brainstorm/34449-1773999384"}
{"type":"screen-added","file":"/Users/ronny.kwok/Documents/workSpace/roadbook/roadbook/.superpowers/brainstorm/34449-1773999384/navigation.html"}
{"type":"screen-added","file":"/Users/ronny.kwok/Documents/workSpace/roadbook/roadbook/.superpowers/brainstorm/34449-1773999384/detail-layout.html"}
{"source":"user-event","type":"click","text":"B\n    \n      Tab 切换式\n      顶部两个 Tab：\"地图\" 和 \"行程\"，点击切换。类似 Vue 移动端的 mapMode 布尔值做法。\n      \n        \n          🗺️ 地图\n          📋 行程\n        \n        高德地图全屏\n      \n      ✗ 看列表时地图完全消失","choice":"b","id":null,"timestamp":1774000104369}
{"source":"user-event","type":"click","text":"B\n    \n      Tab 切换式\n      顶部两个 Tab：\"地图\" 和 \"行程\"，点击切换。类似 Vue 移动端的 mapMode 布尔值做法。\n      \n        \n          🗺️ 地图\n          📋 行程\n        \n        高德地图全屏\n      \n      ✗ 看列表时地图完全消失","choice":"b","id":null,"timestamp":1774000106940}
{"type":"screen-added","file":"/Users/ronny.kwok/Documents/workSpace/roadbook/roadbook/.superpowers/brainstorm/34449-1773999384/day-nav.html"}
{"type":"screen-added","file":"/Users/ronny.kwok/Documents/workSpace/roadbook/roadbook/.superpowers/brainstorm/34449-1773999384/form-style.html"}
{"type":"screen-added","file":"/Users/ronny.kwok/Documents/workSpace/roadbook/roadbook/.superpowers/brainstorm/34449-1773999384/waiting.html"}
{"type":"screen-added","file":"/Users/ronny.kwok/Documents/workSpace/roadbook/roadbook/.superpowers/brainstorm/34449-1773999384/design-style.html"}
{"source":"user-event","type":"click","text":"我的旅程\n      \n      \n        \n          \n            北京三日游\n            10月1日 — 10月3日 · 3天\n          \n          旅行中\n        \n        \n        \n          📍 故宫 → 颐和园 → 长城\n        \n        \n          A\n          B\n          +2人\n          北京\n        \n      \n      \n      \n        \n          \n            成都美食之旅\n            11月15日 — 11月18日 · 4天\n          \n          待出发\n        \n        \n          📍 宽窄巷子 → 锦里 → 成都大熊猫\n        \n        \n          C\n          仅自己\n          成都\n        \n      \n    \n    \n      暖调手账风\n      米白底色，橙棕暖色调，圆角卡片带轻投影，行程卡片上有路线缩略示意。质感温暖，像纸质旅行手账。\n      \n        #F5F0EB\n        #E67E22\n        #27AE60","choice":"b","id":null,"timestamp":1774001498292}
{"type":"screen-added","file":"/Users/ronny.kwok/Documents/workSpace/roadbook/roadbook/.superpowers/brainstorm/34449-1773999384/style-detail.html"}
{"type":"screen-added","file":"/Users/ronny.kwok/Documents/workSpace/roadbook/roadbook/.superpowers/brainstorm/34449-1773999384/style-detail-v2.html"}
{"type":"screen-added","file":"/Users/ronny.kwok/Documents/workSpace/roadbook/roadbook/.superpowers/brainstorm/34449-1773999384/style-detail-v3.html"}
{"type":"screen-added","file":"/Users/ronny.kwok/Documents/workSpace/roadbook/roadbook/.superpowers/brainstorm/34449-1773999384/color-refresh.html"}
{"type":"screen-added","file":"/Users/ronny.kwok/Documents/workSpace/roadbook/roadbook/.superpowers/brainstorm/34449-1773999384/premium-style.html"}
{"type":"screen-added","file":"/Users/ronny.kwok/Documents/workSpace/roadbook/roadbook/.superpowers/brainstorm/34449-1773999384/blue-green-compare.html"}
{"source":"user-event","type":"click","text":"🔵\n    浅蓝版天青 #4AABDB，清透冷静，像晴空和海洋，旅途感更强","choice":"blue","id":null,"timestamp":1774003633621}
{"source":"user-event","type":"click","text":"🟢\n    浅绿版嫩芽 #3DBD82，自然清新，像山野和植物，探索感更强","choice":"green","id":null,"timestamp":1774003633976}
{"source":"user-event","type":"click","text":"🔵\n    浅蓝版天青 #4AABDB，清透冷静，像晴空和海洋，旅途感更强","choice":"blue","id":null,"timestamp":1774003634254}
{"type":"screen-added","file":"/Users/ronny.kwok/Documents/workSpace/roadbook/roadbook/.superpowers/brainstorm/34449-1773999384/card-color.html"}
{"type":"screen-added","file":"/Users/ronny.kwok/Documents/workSpace/roadbook/roadbook/.superpowers/brainstorm/34449-1773999384/fresh-palettes.html"}
{"type":"screen-added","file":"/Users/ronny.kwok/Documents/workSpace/roadbook/roadbook/.superpowers/brainstorm/34449-1773999384/scheme-a-detail.html"}
{"type":"screen-added","file":"/Users/ronny.kwok/Documents/workSpace/roadbook/roadbook/.superpowers/brainstorm/34449-1773999384/scheme-a-refined.html"}
{"type":"server-stopped","reason":"idle timeout"}
